// Jest Snapshot v1, https://goo.gl/fbAQLP

exports[`customise author 1`] = `
Array [
  "npm --version",
  "npm5 -v",
  "npm5 install -S my-dependency@1.0.0",
  "git status --porcelain",
  "git add npm-shrinkwrap.json 2>/dev/null || true",
  "git add package-lock.json 2>/dev/null || true",
  "git add yarn.lock 2>/dev/null || true",
  "git add shrinkwrap.yaml 2>/dev/null || true",
  "git config user.email \\"testbot@test.de\\"",
  "git config user.name \\"testbot\\"",
  "git status --porcelain",
  "git commit -m \\"chore(package): update lockfile

https://npm.im/greenkeeper-lockfile\\"",
]
`;

exports[`default author 1`] = `
Array [
  "npm --version",
  "npm5 -v",
  "npm5 install -S my-dependency@1.0.0",
  "git status --porcelain",
  "git add npm-shrinkwrap.json 2>/dev/null || true",
  "git add package-lock.json 2>/dev/null || true",
  "git add yarn.lock 2>/dev/null || true",
  "git add shrinkwrap.yaml 2>/dev/null || true",
  "git config user.email \\"support@greenkeeper.io\\"",
  "git config user.name \\"greenkeeperio-bot\\"",
  "git status --porcelain",
  "git commit -m \\"chore(package): update lockfile

https://npm.im/greenkeeper-lockfile\\"",
]
`;

exports[`do shrinkwrap for old npm versions 1`] = `
Array [
  "npm --version",
  "npm shrinkwrap",
  "git status --porcelain",
  "git add npm-shrinkwrap.json 2>/dev/null || true",
  "git add package-lock.json 2>/dev/null || true",
  "git add yarn.lock 2>/dev/null || true",
  "git add shrinkwrap.yaml 2>/dev/null || true",
  "git config user.email \\"support@greenkeeper.io\\"",
  "git config user.name \\"greenkeeperio-bot\\"",
  "git status --porcelain",
  "git commit -m \\"chore(package): update lockfile

https://npm.im/greenkeeper-lockfile\\"",
]
`;

exports[`no GK_LOCK_COMMIT_AMEND 1`] = `
Array [
  "npm --version",
  "git status --porcelain",
  "git add npm-shrinkwrap.json 2>/dev/null || true",
  "git add package-lock.json 2>/dev/null || true",
  "git add yarn.lock 2>/dev/null || true",
  "git add shrinkwrap.yaml 2>/dev/null || true",
  "git config user.email \\"support@greenkeeper.io\\"",
  "git config user.name \\"greenkeeperio-bot\\"",
  "git status --porcelain",
  "git commit -m \\"chore(package): update lockfile

https://npm.im/greenkeeper-lockfile\\"",
]
`;

exports[`no status 1`] = `
Array [
  "npm --version",
  "npm5 -v",
  "npm5 install -S my-dependency@1.0.0",
  "git status --porcelain",
  "git config user.email \\"support@greenkeeper.io\\"",
  "git config user.name \\"greenkeeperio-bot\\"",
  "git status --porcelain",
  "git commit -m \\"chore(package): update lockfile

https://npm.im/greenkeeper-lockfile\\"",
]
`;

exports[`tilde prefix 1`] = `
Array [
  "yarn add 'my-dependency@~1.0.0'",
  "npm5 -v",
  "npm install -S --save-prefix=\\"~\\" my-dependency@1.0.0",
  "git status --porcelain",
  "git add npm-shrinkwrap.json 2>/dev/null || true",
  "git add package-lock.json 2>/dev/null || true",
  "git add yarn.lock 2>/dev/null || true",
  "git add shrinkwrap.yaml 2>/dev/null || true",
  "git config user.email \\"support@greenkeeper.io\\"",
  "git config user.name \\"greenkeeperio-bot\\"",
  "git status --porcelain",
  "git commit -m \\"chore(package): update lockfile

https://npm.im/greenkeeper-lockfile\\"",
]
`;

exports[`use npm 1`] = `
Array [
  "npm --version",
  "npm5 -v",
  "npm install -S my-dependency@1.0.0",
  "git status --porcelain",
  "git add npm-shrinkwrap.json 2>/dev/null || true",
  "git add package-lock.json 2>/dev/null || true",
  "git add yarn.lock 2>/dev/null || true",
  "git add shrinkwrap.yaml 2>/dev/null || true",
  "git config user.email \\"support@greenkeeper.io\\"",
  "git config user.name \\"greenkeeperio-bot\\"",
  "git status --porcelain",
  "git commit -m \\"chore(package): update lockfile

https://npm.im/greenkeeper-lockfile\\"",
]
`;

exports[`use npm v5 1`] = `
Array [
  "npm --version",
  "npm5 -v",
  "npm5 install -S my-dependency@1.0.0",
  "git status --porcelain",
  "git add npm-shrinkwrap.json 2>/dev/null || true",
  "git add package-lock.json 2>/dev/null || true",
  "git add yarn.lock 2>/dev/null || true",
  "git add shrinkwrap.yaml 2>/dev/null || true",
  "git config user.email \\"support@greenkeeper.io\\"",
  "git config user.name \\"greenkeeperio-bot\\"",
  "git status --porcelain",
  "git commit -m \\"chore(package): update lockfile

https://npm.im/greenkeeper-lockfile\\"",
]
`;

exports[`use pnpm 1`] = `
Array [
  "npm --version",
  "pnpm install -S my-dependency@1.0.0",
  "git status --porcelain",
  "git add npm-shrinkwrap.json 2>/dev/null || true",
  "git add package-lock.json 2>/dev/null || true",
  "git add yarn.lock 2>/dev/null || true",
  "git add shrinkwrap.yaml 2>/dev/null || true",
  "git config user.email \\"support@greenkeeper.io\\"",
  "git config user.name \\"greenkeeperio-bot\\"",
  "git status --porcelain",
  "git commit -m \\"chore(package): update lockfile

https://npm.im/greenkeeper-lockfile\\"",
]
`;

exports[`use yarn 1`] = `
Array [
  "yarn add 'my-dependency@1.0.0'",
  "git status --porcelain",
  "git add npm-shrinkwrap.json 2>/dev/null || true",
  "git add package-lock.json 2>/dev/null || true",
  "git add yarn.lock 2>/dev/null || true",
  "git add shrinkwrap.yaml 2>/dev/null || true",
  "git config user.email \\"support@greenkeeper.io\\"",
  "git config user.name \\"greenkeeperio-bot\\"",
  "git status --porcelain",
  "git commit -m \\"chore(package): update lockfile

https://npm.im/greenkeeper-lockfile\\"",
]
`;

exports[`use yarn with extra arguments from ENV 1`] = `
Array [
  "yarn add --ignore-engines 'my-dependency@1.0.0'",
  "git status --porcelain",
  "git add npm-shrinkwrap.json 2>/dev/null || true",
  "git add package-lock.json 2>/dev/null || true",
  "git add yarn.lock 2>/dev/null || true",
  "git add shrinkwrap.yaml 2>/dev/null || true",
  "git config user.email \\"support@greenkeeper.io\\"",
  "git config user.name \\"greenkeeperio-bot\\"",
  "git status --porcelain",
  "git commit -m \\"chore(package): update lockfile

https://npm.im/greenkeeper-lockfile\\"",
]
`;

exports[`with falsy GK_LOCK_COMMIT_AMEND 1`] = `
Array [
  "npm --version",
  "git status --porcelain",
  "git add npm-shrinkwrap.json 2>/dev/null || true",
  "git add package-lock.json 2>/dev/null || true",
  "git add yarn.lock 2>/dev/null || true",
  "git add shrinkwrap.yaml 2>/dev/null || true",
  "git config user.email \\"support@greenkeeper.io\\"",
  "git config user.name \\"greenkeeperio-bot\\"",
  "git status --porcelain",
  "git commit -m \\"chore(package): update lockfile

https://npm.im/greenkeeper-lockfile\\"",
]
`;

exports[`with truthy GK_LOCK_COMMIT_AMEND 1`] = `
Array [
  "npm --version",
  "git status --porcelain",
  "git add npm-shrinkwrap.json 2>/dev/null || true",
  "git add package-lock.json 2>/dev/null || true",
  "git add yarn.lock 2>/dev/null || true",
  "git add shrinkwrap.yaml 2>/dev/null || true",
  "git config user.email \\"support@greenkeeper.io\\"",
  "git config user.name \\"greenkeeperio-bot\\"",
  "git commit --amend --author=\\"greenkeeperio-bot <support@greenkeeper.io>\\" --no-edit",
]
`;

exports[`with truthy GK_LOCK_COMMIT_AMEND and GK_LOCK_COMMIT_NAME/EMAIL 1`] = `
Array [
  "npm --version",
  "git status --porcelain",
  "git add npm-shrinkwrap.json 2>/dev/null || true",
  "git add package-lock.json 2>/dev/null || true",
  "git add yarn.lock 2>/dev/null || true",
  "git add shrinkwrap.yaml 2>/dev/null || true",
  "git config user.email \\"support@greenkeeper.io\\"",
  "git config user.name \\"Example Person\\"",
  "git commit --amend --author=\\"Example Person <support@greenkeeper.io>\\" --no-edit",
]
`;

exports[`with truthy ignoreOutput 1`] = `
Array [
  "npm --version",
  "git status --porcelain",
  "git add npm-shrinkwrap.json 2>/dev/null || true",
  "git add package-lock.json 2>/dev/null || true",
  "git add yarn.lock 2>/dev/null || true",
  "git add shrinkwrap.yaml 2>/dev/null || true",
  "git config user.email \\"support@greenkeeper.io\\"",
  "git config user.name \\"greenkeeperio-bot\\"",
  "git status --porcelain",
  "git commit -m \\"chore(package): update lockfile

https://npm.im/greenkeeper-lockfile\\"",
]
`;

exports[`yarn no prefix 1`] = `
Array [
  "yarn add 'my-dependency@1.0.0'",
  "git status --porcelain",
  "git add npm-shrinkwrap.json 2>/dev/null || true",
  "git add package-lock.json 2>/dev/null || true",
  "git add yarn.lock 2>/dev/null || true",
  "git add shrinkwrap.yaml 2>/dev/null || true",
  "git config user.email \\"support@greenkeeper.io\\"",
  "git config user.name \\"greenkeeperio-bot\\"",
  "git status --porcelain",
  "git commit -m \\"chore(package): update lockfile

https://npm.im/greenkeeper-lockfile\\"",
]
`;
